========================================
 AUDITORIA DE TELEMETRIA - BINARIO TECH 
 Data/Hora: Fri Aug 28 02:42:50 AM UTC 2026
========================================

[1] Testando Rota Scania...
{
  "montadora": "Scania",
  "modelo": "R450",
  "status": "OK",
  "conexao": true,
  "velocidade_media": 82
}

[2] Testando Rota Mercedes-Benz...
{
  "montadora": "Mercedes-Benz",
  "modelo": "Actros",
  "status": "OK",
  "conexao": true,
  "velocidade_media": 78
}

[3] Testando Rota Volkswagem...
{
  "montadora": "Volkswagen",
  "modelo": "Delivery",
  "status": "ALERTA",
  "conexao": false,
  "velocidade_media": 0
}

-------------------------------------------
Auditoria finalizada com sucesso!
